// Jest Snapshot v1, https://goo.gl/fbAQLP

exports[`renders correctly 1`] = `
<View
  accessible={true}
  collapsable={false}
  focusable={false}
  onClick={[Function]}
  onResponderGrant={[Function]}
  onResponderMove={[Function]}
  onResponderRelease={[Function]}
  onResponderTerminate={[Function]}
  onResponderTerminationRequest={[Function]}
  onStartShouldSetResponder={[Function]}
  style={
    Object {
      "borderRadiu": 4,
      "marginTop": 8,
      "opacity": 1,
      "paddingHorizontal": 16,
      "paddingVertical": 8,
      "width": 280,
    }
  }
>
  <View
    style={
      Array [
        Object {
          "flexDirection": "row",
          "justifyContent": "center",
        },
      ]
    }
  >
    <Text
      style={
        Array [
          Object {
            "color": "#FFFFFF",
            "fontFamily": "Poppins-Medium",
            "fontSize": 22,
            "fontWeight": "bold",
            "textAlign": "center",
          },
        ]
      }
    />
  </View>
</View>
`;
